Discrepancy Report Results

Summary
DISC_PROTEIN_NAMES:All proteins have same name "hypothetical protein"
FATAL: MISSING_PROTEIN_ID:8 proteins have invalid IDs.
DISC_SOURCE_QUALS_ASNDISC:strain (all present, all same)
DISC_SOURCE_QUALS_ASNDISC:taxname (all present, all same)
DISC_FEATURE_COUNT:CDS: 8 present
DISC_COUNT_NUCLEOTIDES:2 nucleotide Bioseqs are present
FEATURE_LOCATION_CONFLICT:8 features have inconsistent gene locations.
DISC_QUALITY_SCORES:Quality scores are missing on all sequences.
ONCALLER_COMMENT_PRESENT:2 comment descriptors were found (all same)
SHORT_PROT_SEQUENCES:2 protein sequences are shorter than 50 aa.
MISSING_GENOMEASSEMBLY_COMMENTS:2 bioseqs are missing GenomeAssembly structured comments
MOLTYPE_NOT_MRNA:2 molecule types are not set as mRNA.
TECHNIQUE_NOT_TSA:2 technique are not set as TSA
MISSING_STRUCTURED_COMMENT:2 sequences do not include structured comments.
MISSING_PROJECT:10 sequences do not include project.
DISC_INCONSISTENT_MOLINFO_TECH:Molinfo Technique Report (some missing, all same)


Detailed Report

DiscRep_ALL:DISC_PROTEIN_NAMES::All proteins have same name "hypothetical protein"

FATAL: DiscRep_ALL:MISSING_PROTEIN_ID::8 proteins have invalid IDs.
prokka_out/fine_tuned/finetuned_generate_5000_1/phage_annot:contig_0_1 (length 40)
prokka_out/fine_tuned/finetuned_generate_5000_1/phage_annot:contig_0_2 (length 45)
prokka_out/fine_tuned/finetuned_generate_5000_1/phage_annot:contig_0_3 (length 52)
prokka_out/fine_tuned/finetuned_generate_5000_1/phage_annot:contig_0_4 (length 126)
prokka_out/fine_tuned/finetuned_generate_5000_1/phage_annot:contig_0_5 (length 89)
prokka_out/fine_tuned/finetuned_generate_5000_1/phage_annot:contig_0_6 (length 95)
prokka_out/fine_tuned/finetuned_generate_5000_1/phage_annot:contig_0_7 (length 183)
prokka_out/fine_tuned/finetuned_generate_5000_1/phage_annot:contig_1_1 (length 568)

DiscRep_ALL:DISC_SOURCE_QUALS_ASNDISC::strain (all present, all same)
DiscRep_SUB:DISC_SOURCE_QUALS_ASNDISC::2 sources have 'strain' for strain
DiscRep_ALL:DISC_SOURCE_QUALS_ASNDISC::taxname (all present, all same)
DiscRep_SUB:DISC_SOURCE_QUALS_ASNDISC::2 sources have 'Genus species' for taxname
DiscRep_ALL:DISC_FEATURE_COUNT::CDS: 8 present
DiscRep_ALL:DISC_COUNT_NUCLEOTIDES::2 nucleotide Bioseqs are present
prokka_out/fine_tuned/finetuned_generate_5000_1/phage_annot:contig_0 (length 3171)
prokka_out/fine_tuned/finetuned_generate_5000_1/phage_annot:contig_1 (length 1828)

DiscRep_ALL:FEATURE_LOCATION_CONFLICT::8 features have inconsistent gene locations.
DiscRep_SUB:FEATURE_LOCATION_CONFLICT::Coding region xref gene does not exist
prokka_out/fine_tuned/finetuned_generate_5000_1/phage_annot:CDS	hypothetical protein	contig_0:475-597	PHAGE_00001

DiscRep_SUB:FEATURE_LOCATION_CONFLICT::Coding region xref gene does not exist
prokka_out/fine_tuned/finetuned_generate_5000_1/phage_annot:CDS	hypothetical protein	contig_0:889-1026	PHAGE_00002

DiscRep_SUB:FEATURE_LOCATION_CONFLICT::Coding region xref gene does not exist
prokka_out/fine_tuned/finetuned_generate_5000_1/phage_annot:CDS	hypothetical protein	contig_0:c1157-999	PHAGE_00003

DiscRep_SUB:FEATURE_LOCATION_CONFLICT::Coding region xref gene does not exist
prokka_out/fine_tuned/finetuned_generate_5000_1/phage_annot:CDS	hypothetical protein	contig_0:1213-1593	PHAGE_00004

DiscRep_SUB:FEATURE_LOCATION_CONFLICT::Coding region xref gene does not exist
prokka_out/fine_tuned/finetuned_generate_5000_1/phage_annot:CDS	hypothetical protein	contig_0:1750-2019	PHAGE_00005

DiscRep_SUB:FEATURE_LOCATION_CONFLICT::Coding region xref gene does not exist
prokka_out/fine_tuned/finetuned_generate_5000_1/phage_annot:CDS	hypothetical protein	contig_0:2082-2369	PHAGE_00006

DiscRep_SUB:FEATURE_LOCATION_CONFLICT::Coding region xref gene does not exist
prokka_out/fine_tuned/finetuned_generate_5000_1/phage_annot:CDS	hypothetical protein	contig_0:2395-2946	PHAGE_00007

DiscRep_SUB:FEATURE_LOCATION_CONFLICT::Coding region xref gene does not exist
prokka_out/fine_tuned/finetuned_generate_5000_1/phage_annot:CDS	hypothetical protein	contig_1:51-1757	PHAGE_00008

DiscRep_ALL:DISC_QUALITY_SCORES::Quality scores are missing on all sequences.

DiscRep_ALL:ONCALLER_COMMENT_PRESENT::2 comment descriptors were found (all same)
prokka_out/fine_tuned/finetuned_generate_5000_1/phage_annot:contig_0:Annotated using prokka 1.12 from https://github.com/tseemann/prokka
prokka_out/fine_tuned/finetuned_generate_5000_1/phage_annot:contig_1:Annotated using prokka 1.12 from https://github.com/tseemann/prokka

DiscRep_ALL:SHORT_PROT_SEQUENCES::2 protein sequences are shorter than 50 aa.
prokka_out/fine_tuned/finetuned_generate_5000_1/phage_annot:contig_0_1 (length 40)
prokka_out/fine_tuned/finetuned_generate_5000_1/phage_annot:contig_0_2 (length 45)

DiscRep_ALL:MISSING_GENOMEASSEMBLY_COMMENTS::2 bioseqs are missing GenomeAssembly structured comments
prokka_out/fine_tuned/finetuned_generate_5000_1/phage_annot:contig_0 (length 3171)
prokka_out/fine_tuned/finetuned_generate_5000_1/phage_annot:contig_1 (length 1828)

DiscRep_ALL:MOLTYPE_NOT_MRNA::2 molecule types are not set as mRNA.
prokka_out/fine_tuned/finetuned_generate_5000_1/phage_annot:contig_0 (length 3171)
prokka_out/fine_tuned/finetuned_generate_5000_1/phage_annot:contig_1 (length 1828)

DiscRep_ALL:TECHNIQUE_NOT_TSA::2 technique are not set as TSA
prokka_out/fine_tuned/finetuned_generate_5000_1/phage_annot:contig_0 (length 3171)
prokka_out/fine_tuned/finetuned_generate_5000_1/phage_annot:contig_1 (length 1828)

DiscRep_ALL:MISSING_STRUCTURED_COMMENT::2 sequences do not include structured comments.
prokka_out/fine_tuned/finetuned_generate_5000_1/phage_annot:contig_0 (length 3171)
prokka_out/fine_tuned/finetuned_generate_5000_1/phage_annot:contig_1 (length 1828)

DiscRep_ALL:MISSING_PROJECT::10 sequences do not include project.
prokka_out/fine_tuned/finetuned_generate_5000_1/phage_annot:contig_0 (length 3171)
prokka_out/fine_tuned/finetuned_generate_5000_1/phage_annot:contig_0_1 (length 40)
prokka_out/fine_tuned/finetuned_generate_5000_1/phage_annot:contig_0_2 (length 45)
prokka_out/fine_tuned/finetuned_generate_5000_1/phage_annot:contig_0_3 (length 52)
prokka_out/fine_tuned/finetuned_generate_5000_1/phage_annot:contig_0_4 (length 126)
prokka_out/fine_tuned/finetuned_generate_5000_1/phage_annot:contig_0_5 (length 89)
prokka_out/fine_tuned/finetuned_generate_5000_1/phage_annot:contig_0_6 (length 95)
prokka_out/fine_tuned/finetuned_generate_5000_1/phage_annot:contig_0_7 (length 183)
prokka_out/fine_tuned/finetuned_generate_5000_1/phage_annot:contig_1 (length 1828)
prokka_out/fine_tuned/finetuned_generate_5000_1/phage_annot:contig_1_1 (length 568)

DiscRep_ALL:DISC_INCONSISTENT_MOLINFO_TECH::Molinfo Technique Report (some missing, all same)
DiscRep_SUB:DISC_INCONSISTENT_MOLINFO_TECH::technique (all missing)
DiscRep_SUB:DISC_INCONSISTENT_MOLINFO_TECH::2 Molinfos are missing field technique
prokka_out/fine_tuned/finetuned_generate_5000_1/phage_annot:contig_0 (length 3171)
prokka_out/fine_tuned/finetuned_generate_5000_1/phage_annot:contig_1 (length 1828)

