Discrepancy Report Results

Summary
DISC_PROTEIN_NAMES:All proteins have same name "hypothetical protein"
FATAL: MISSING_PROTEIN_ID:15 proteins have invalid IDs.
DISC_SOURCE_QUALS_ASNDISC:strain (all present, all unique)
DISC_SOURCE_QUALS_ASNDISC:taxname (all present, all unique)
DISC_FEATURE_COUNT:CDS: 15 present
DISC_COUNT_NUCLEOTIDES:1 nucleotide Bioseqs are present
FEATURE_LOCATION_CONFLICT:15 features have inconsistent gene locations.
DISC_QUALITY_SCORES:Quality scores are missing on all sequences.
ONCALLER_COMMENT_PRESENT:1 comment descriptors were found (all same)
MISSING_GENOMEASSEMBLY_COMMENTS:1 bioseqs are missing GenomeAssembly structured comments
MOLTYPE_NOT_MRNA:1 molecule types are not set as mRNA.
TECHNIQUE_NOT_TSA:1 technique are not set as TSA
MISSING_STRUCTURED_COMMENT:1 sequences do not include structured comments.
MISSING_PROJECT:16 sequences do not include project.
DISC_INCONSISTENT_MOLINFO_TECH:Molinfo Technique Report (some missing, all same)


Detailed Report

DiscRep_ALL:DISC_PROTEIN_NAMES::All proteins have same name "hypothetical protein"

FATAL: DiscRep_ALL:MISSING_PROTEIN_ID::15 proteins have invalid IDs.
prokka_out/fine_tuned/finetuned_generate_10000_2/phage_annot:contig_0_1 (length 58)
prokka_out/fine_tuned/finetuned_generate_10000_2/phage_annot:contig_0_2 (length 73)
prokka_out/fine_tuned/finetuned_generate_10000_2/phage_annot:contig_0_3 (length 144)
prokka_out/fine_tuned/finetuned_generate_10000_2/phage_annot:contig_0_4 (length 61)
prokka_out/fine_tuned/finetuned_generate_10000_2/phage_annot:contig_0_5 (length 133)
prokka_out/fine_tuned/finetuned_generate_10000_2/phage_annot:contig_0_6 (length 74)
prokka_out/fine_tuned/finetuned_generate_10000_2/phage_annot:contig_0_7 (length 477)
prokka_out/fine_tuned/finetuned_generate_10000_2/phage_annot:contig_0_8 (length 75)
prokka_out/fine_tuned/finetuned_generate_10000_2/phage_annot:contig_0_9 (length 107)
prokka_out/fine_tuned/finetuned_generate_10000_2/phage_annot:contig_0_10 (length 236)
prokka_out/fine_tuned/finetuned_generate_10000_2/phage_annot:contig_0_11 (length 332)
prokka_out/fine_tuned/finetuned_generate_10000_2/phage_annot:contig_0_12 (length 321)
prokka_out/fine_tuned/finetuned_generate_10000_2/phage_annot:contig_0_13 (length 181)
prokka_out/fine_tuned/finetuned_generate_10000_2/phage_annot:contig_0_14 (length 134)
prokka_out/fine_tuned/finetuned_generate_10000_2/phage_annot:contig_0_15 (length 225)

DiscRep_ALL:DISC_SOURCE_QUALS_ASNDISC::strain (all present, all unique)
DiscRep_SUB:DISC_SOURCE_QUALS_ASNDISC::1 sources have unique values for strain
DiscRep_ALL:DISC_SOURCE_QUALS_ASNDISC::taxname (all present, all unique)
DiscRep_SUB:DISC_SOURCE_QUALS_ASNDISC::1 sources have unique values for taxname
DiscRep_ALL:DISC_FEATURE_COUNT::CDS: 15 present
DiscRep_ALL:DISC_COUNT_NUCLEOTIDES::1 nucleotide Bioseqs are present
prokka_out/fine_tuned/finetuned_generate_10000_2/phage_annot:contig_0 (length 10000)

DiscRep_ALL:FEATURE_LOCATION_CONFLICT::15 features have inconsistent gene locations.
DiscRep_SUB:FEATURE_LOCATION_CONFLICT::Coding region xref gene does not exist
prokka_out/fine_tuned/finetuned_generate_10000_2/phage_annot:CDS	hypothetical protein	contig_0:141-317	PHAGE_00001

DiscRep_SUB:FEATURE_LOCATION_CONFLICT::Coding region xref gene does not exist
prokka_out/fine_tuned/finetuned_generate_10000_2/phage_annot:CDS	hypothetical protein	contig_0:338-559	PHAGE_00002

DiscRep_SUB:FEATURE_LOCATION_CONFLICT::Coding region xref gene does not exist
prokka_out/fine_tuned/finetuned_generate_10000_2/phage_annot:CDS	hypothetical protein	contig_0:762-1196	PHAGE_00003

DiscRep_SUB:FEATURE_LOCATION_CONFLICT::Coding region xref gene does not exist
prokka_out/fine_tuned/finetuned_generate_10000_2/phage_annot:CDS	hypothetical protein	contig_0:1267-1452	PHAGE_00004

DiscRep_SUB:FEATURE_LOCATION_CONFLICT::Coding region xref gene does not exist
prokka_out/fine_tuned/finetuned_generate_10000_2/phage_annot:CDS	hypothetical protein	contig_0:1932-2333	PHAGE_00005

DiscRep_SUB:FEATURE_LOCATION_CONFLICT::Coding region xref gene does not exist
prokka_out/fine_tuned/finetuned_generate_10000_2/phage_annot:CDS	hypothetical protein	contig_0:2424-2648	PHAGE_00006

DiscRep_SUB:FEATURE_LOCATION_CONFLICT::Coding region xref gene does not exist
prokka_out/fine_tuned/finetuned_generate_10000_2/phage_annot:CDS	hypothetical protein	contig_0:2671-4104	PHAGE_00007

DiscRep_SUB:FEATURE_LOCATION_CONFLICT::Coding region xref gene does not exist
prokka_out/fine_tuned/finetuned_generate_10000_2/phage_annot:CDS	hypothetical protein	contig_0:4193-4420	PHAGE_00008

DiscRep_SUB:FEATURE_LOCATION_CONFLICT::Coding region xref gene does not exist
prokka_out/fine_tuned/finetuned_generate_10000_2/phage_annot:CDS	hypothetical protein	contig_0:4437-4760	PHAGE_00009

DiscRep_SUB:FEATURE_LOCATION_CONFLICT::Coding region xref gene does not exist
prokka_out/fine_tuned/finetuned_generate_10000_2/phage_annot:CDS	hypothetical protein	contig_0:4760-5470	PHAGE_00010

DiscRep_SUB:FEATURE_LOCATION_CONFLICT::Coding region xref gene does not exist
prokka_out/fine_tuned/finetuned_generate_10000_2/phage_annot:CDS	hypothetical protein	contig_0:5618-6616	PHAGE_00011

DiscRep_SUB:FEATURE_LOCATION_CONFLICT::Coding region xref gene does not exist
prokka_out/fine_tuned/finetuned_generate_10000_2/phage_annot:CDS	hypothetical protein	contig_0:6647-7612	PHAGE_00012

DiscRep_SUB:FEATURE_LOCATION_CONFLICT::Coding region xref gene does not exist
prokka_out/fine_tuned/finetuned_generate_10000_2/phage_annot:CDS	hypothetical protein	contig_0:7663-8208	PHAGE_00013

DiscRep_SUB:FEATURE_LOCATION_CONFLICT::Coding region xref gene does not exist
prokka_out/fine_tuned/finetuned_generate_10000_2/phage_annot:CDS	hypothetical protein	contig_0:8433-8837	PHAGE_00014

DiscRep_SUB:FEATURE_LOCATION_CONFLICT::Coding region xref gene does not exist
prokka_out/fine_tuned/finetuned_generate_10000_2/phage_annot:CDS	hypothetical protein	contig_0:9234-9911	PHAGE_00015

DiscRep_ALL:DISC_QUALITY_SCORES::Quality scores are missing on all sequences.

DiscRep_ALL:ONCALLER_COMMENT_PRESENT::1 comment descriptors were found (all same)
prokka_out/fine_tuned/finetuned_generate_10000_2/phage_annot:contig_0:Annotated using prokka 1.12 from https://github.com/tseemann/prokka

DiscRep_ALL:MISSING_GENOMEASSEMBLY_COMMENTS::1 bioseqs are missing GenomeAssembly structured comments
prokka_out/fine_tuned/finetuned_generate_10000_2/phage_annot:contig_0 (length 10000)

DiscRep_ALL:MOLTYPE_NOT_MRNA::1 molecule types are not set as mRNA.
prokka_out/fine_tuned/finetuned_generate_10000_2/phage_annot:contig_0 (length 10000)

DiscRep_ALL:TECHNIQUE_NOT_TSA::1 technique are not set as TSA
prokka_out/fine_tuned/finetuned_generate_10000_2/phage_annot:contig_0 (length 10000)

DiscRep_ALL:MISSING_STRUCTURED_COMMENT::1 sequences do not include structured comments.
prokka_out/fine_tuned/finetuned_generate_10000_2/phage_annot:contig_0 (length 10000)

DiscRep_ALL:MISSING_PROJECT::16 sequences do not include project.
prokka_out/fine_tuned/finetuned_generate_10000_2/phage_annot:contig_0 (length 10000)
prokka_out/fine_tuned/finetuned_generate_10000_2/phage_annot:contig_0_1 (length 58)
prokka_out/fine_tuned/finetuned_generate_10000_2/phage_annot:contig_0_2 (length 73)
prokka_out/fine_tuned/finetuned_generate_10000_2/phage_annot:contig_0_3 (length 144)
prokka_out/fine_tuned/finetuned_generate_10000_2/phage_annot:contig_0_4 (length 61)
prokka_out/fine_tuned/finetuned_generate_10000_2/phage_annot:contig_0_5 (length 133)
prokka_out/fine_tuned/finetuned_generate_10000_2/phage_annot:contig_0_6 (length 74)
prokka_out/fine_tuned/finetuned_generate_10000_2/phage_annot:contig_0_7 (length 477)
prokka_out/fine_tuned/finetuned_generate_10000_2/phage_annot:contig_0_8 (length 75)
prokka_out/fine_tuned/finetuned_generate_10000_2/phage_annot:contig_0_9 (length 107)
prokka_out/fine_tuned/finetuned_generate_10000_2/phage_annot:contig_0_10 (length 236)
prokka_out/fine_tuned/finetuned_generate_10000_2/phage_annot:contig_0_11 (length 332)
prokka_out/fine_tuned/finetuned_generate_10000_2/phage_annot:contig_0_12 (length 321)
prokka_out/fine_tuned/finetuned_generate_10000_2/phage_annot:contig_0_13 (length 181)
prokka_out/fine_tuned/finetuned_generate_10000_2/phage_annot:contig_0_14 (length 134)
prokka_out/fine_tuned/finetuned_generate_10000_2/phage_annot:contig_0_15 (length 225)

DiscRep_ALL:DISC_INCONSISTENT_MOLINFO_TECH::Molinfo Technique Report (some missing, all same)
DiscRep_SUB:DISC_INCONSISTENT_MOLINFO_TECH::technique (all missing)
DiscRep_SUB:DISC_INCONSISTENT_MOLINFO_TECH::1 Molinfos are missing field technique
prokka_out/fine_tuned/finetuned_generate_10000_2/phage_annot:contig_0 (length 10000)

