Discrepancy Report Results

Summary
DISC_PROTEIN_NAMES:All proteins have same name "hypothetical protein"
FATAL: MISSING_PROTEIN_ID:15 proteins have invalid IDs.
DISC_SOURCE_QUALS_ASNDISC:strain (all present, all unique)
DISC_SOURCE_QUALS_ASNDISC:taxname (all present, all unique)
DISC_FEATURE_COUNT:CDS: 15 present
DISC_COUNT_NUCLEOTIDES:1 nucleotide Bioseqs are present
FEATURE_LOCATION_CONFLICT:15 features have inconsistent gene locations.
DISC_QUALITY_SCORES:Quality scores are missing on all sequences.
ONCALLER_COMMENT_PRESENT:1 comment descriptors were found (all same)
MISSING_GENOMEASSEMBLY_COMMENTS:1 bioseqs are missing GenomeAssembly structured comments
MOLTYPE_NOT_MRNA:1 molecule types are not set as mRNA.
TECHNIQUE_NOT_TSA:1 technique are not set as TSA
MISSING_STRUCTURED_COMMENT:1 sequences do not include structured comments.
MISSING_PROJECT:16 sequences do not include project.
DISC_INCONSISTENT_MOLINFO_TECH:Molinfo Technique Report (some missing, all same)


Detailed Report

DiscRep_ALL:DISC_PROTEIN_NAMES::All proteins have same name "hypothetical protein"

FATAL: DiscRep_ALL:MISSING_PROTEIN_ID::15 proteins have invalid IDs.
prokka_out/fine_tuned/finetuned_generate_10000_1/phage_annot:contig_0_1 (length 315)
prokka_out/fine_tuned/finetuned_generate_10000_1/phage_annot:contig_0_2 (length 79)
prokka_out/fine_tuned/finetuned_generate_10000_1/phage_annot:contig_0_3 (length 103)
prokka_out/fine_tuned/finetuned_generate_10000_1/phage_annot:contig_0_4 (length 129)
prokka_out/fine_tuned/finetuned_generate_10000_1/phage_annot:contig_0_5 (length 50)
prokka_out/fine_tuned/finetuned_generate_10000_1/phage_annot:contig_0_6 (length 97)
prokka_out/fine_tuned/finetuned_generate_10000_1/phage_annot:contig_0_7 (length 320)
prokka_out/fine_tuned/finetuned_generate_10000_1/phage_annot:contig_0_8 (length 449)
prokka_out/fine_tuned/finetuned_generate_10000_1/phage_annot:contig_0_9 (length 91)
prokka_out/fine_tuned/finetuned_generate_10000_1/phage_annot:contig_0_10 (length 177)
prokka_out/fine_tuned/finetuned_generate_10000_1/phage_annot:contig_0_11 (length 67)
prokka_out/fine_tuned/finetuned_generate_10000_1/phage_annot:contig_0_12 (length 82)
prokka_out/fine_tuned/finetuned_generate_10000_1/phage_annot:contig_0_13 (length 79)
prokka_out/fine_tuned/finetuned_generate_10000_1/phage_annot:contig_0_14 (length 567)
prokka_out/fine_tuned/finetuned_generate_10000_1/phage_annot:contig_0_15 (length 110)

DiscRep_ALL:DISC_SOURCE_QUALS_ASNDISC::strain (all present, all unique)
DiscRep_SUB:DISC_SOURCE_QUALS_ASNDISC::1 sources have unique values for strain
DiscRep_ALL:DISC_SOURCE_QUALS_ASNDISC::taxname (all present, all unique)
DiscRep_SUB:DISC_SOURCE_QUALS_ASNDISC::1 sources have unique values for taxname
DiscRep_ALL:DISC_FEATURE_COUNT::CDS: 15 present
DiscRep_ALL:DISC_COUNT_NUCLEOTIDES::1 nucleotide Bioseqs are present
prokka_out/fine_tuned/finetuned_generate_10000_1/phage_annot:contig_0 (length 10000)

DiscRep_ALL:FEATURE_LOCATION_CONFLICT::15 features have inconsistent gene locations.
DiscRep_SUB:FEATURE_LOCATION_CONFLICT::Coding region xref gene does not exist
prokka_out/fine_tuned/finetuned_generate_10000_1/phage_annot:CDS	hypothetical protein	contig_0:c1227-280	PHAGE_00001

DiscRep_SUB:FEATURE_LOCATION_CONFLICT::Coding region xref gene does not exist
prokka_out/fine_tuned/finetuned_generate_10000_1/phage_annot:CDS	hypothetical protein	contig_0:c1466-1227	PHAGE_00002

DiscRep_SUB:FEATURE_LOCATION_CONFLICT::Coding region xref gene does not exist
prokka_out/fine_tuned/finetuned_generate_10000_1/phage_annot:CDS	hypothetical protein	contig_0:c1774-1463	PHAGE_00003

DiscRep_SUB:FEATURE_LOCATION_CONFLICT::Coding region xref gene does not exist
prokka_out/fine_tuned/finetuned_generate_10000_1/phage_annot:CDS	hypothetical protein	contig_0:c2160-1771	PHAGE_00004

DiscRep_SUB:FEATURE_LOCATION_CONFLICT::Coding region xref gene does not exist
prokka_out/fine_tuned/finetuned_generate_10000_1/phage_annot:CDS	hypothetical protein	contig_0:c2362-2210	PHAGE_00005

DiscRep_SUB:FEATURE_LOCATION_CONFLICT::Coding region xref gene does not exist
prokka_out/fine_tuned/finetuned_generate_10000_1/phage_annot:CDS	hypothetical protein	contig_0:c2628-2335	PHAGE_00006

DiscRep_SUB:FEATURE_LOCATION_CONFLICT::Coding region xref gene does not exist
prokka_out/fine_tuned/finetuned_generate_10000_1/phage_annot:CDS	hypothetical protein	contig_0:c3988-3026	PHAGE_00007

DiscRep_SUB:FEATURE_LOCATION_CONFLICT::Coding region xref gene does not exist
prokka_out/fine_tuned/finetuned_generate_10000_1/phage_annot:CDS	hypothetical protein	contig_0:c5410-4061	PHAGE_00008

DiscRep_SUB:FEATURE_LOCATION_CONFLICT::Coding region xref gene does not exist
prokka_out/fine_tuned/finetuned_generate_10000_1/phage_annot:CDS	hypothetical protein	contig_0:c5672-5397	PHAGE_00009

DiscRep_SUB:FEATURE_LOCATION_CONFLICT::Coding region xref gene does not exist
prokka_out/fine_tuned/finetuned_generate_10000_1/phage_annot:CDS	hypothetical protein	contig_0:5721-6254	PHAGE_00010

DiscRep_SUB:FEATURE_LOCATION_CONFLICT::Coding region xref gene does not exist
prokka_out/fine_tuned/finetuned_generate_10000_1/phage_annot:CDS	hypothetical protein	contig_0:6238-6441	PHAGE_00011

DiscRep_SUB:FEATURE_LOCATION_CONFLICT::Coding region xref gene does not exist
prokka_out/fine_tuned/finetuned_generate_10000_1/phage_annot:CDS	hypothetical protein	contig_0:6441-6689	PHAGE_00012

DiscRep_SUB:FEATURE_LOCATION_CONFLICT::Coding region xref gene does not exist
prokka_out/fine_tuned/finetuned_generate_10000_1/phage_annot:CDS	hypothetical protein	contig_0:6730-6969	PHAGE_00013

DiscRep_SUB:FEATURE_LOCATION_CONFLICT::Coding region xref gene does not exist
prokka_out/fine_tuned/finetuned_generate_10000_1/phage_annot:CDS	hypothetical protein	contig_0:c8839-7136	PHAGE_00014

DiscRep_SUB:FEATURE_LOCATION_CONFLICT::Coding region xref gene does not exist
prokka_out/fine_tuned/finetuned_generate_10000_1/phage_annot:CDS	hypothetical protein	contig_0:9219-9551	PHAGE_00015

DiscRep_ALL:DISC_QUALITY_SCORES::Quality scores are missing on all sequences.

DiscRep_ALL:ONCALLER_COMMENT_PRESENT::1 comment descriptors were found (all same)
prokka_out/fine_tuned/finetuned_generate_10000_1/phage_annot:contig_0:Annotated using prokka 1.12 from https://github.com/tseemann/prokka

DiscRep_ALL:MISSING_GENOMEASSEMBLY_COMMENTS::1 bioseqs are missing GenomeAssembly structured comments
prokka_out/fine_tuned/finetuned_generate_10000_1/phage_annot:contig_0 (length 10000)

DiscRep_ALL:MOLTYPE_NOT_MRNA::1 molecule types are not set as mRNA.
prokka_out/fine_tuned/finetuned_generate_10000_1/phage_annot:contig_0 (length 10000)

DiscRep_ALL:TECHNIQUE_NOT_TSA::1 technique are not set as TSA
prokka_out/fine_tuned/finetuned_generate_10000_1/phage_annot:contig_0 (length 10000)

DiscRep_ALL:MISSING_STRUCTURED_COMMENT::1 sequences do not include structured comments.
prokka_out/fine_tuned/finetuned_generate_10000_1/phage_annot:contig_0 (length 10000)

DiscRep_ALL:MISSING_PROJECT::16 sequences do not include project.
prokka_out/fine_tuned/finetuned_generate_10000_1/phage_annot:contig_0 (length 10000)
prokka_out/fine_tuned/finetuned_generate_10000_1/phage_annot:contig_0_1 (length 315)
prokka_out/fine_tuned/finetuned_generate_10000_1/phage_annot:contig_0_2 (length 79)
prokka_out/fine_tuned/finetuned_generate_10000_1/phage_annot:contig_0_3 (length 103)
prokka_out/fine_tuned/finetuned_generate_10000_1/phage_annot:contig_0_4 (length 129)
prokka_out/fine_tuned/finetuned_generate_10000_1/phage_annot:contig_0_5 (length 50)
prokka_out/fine_tuned/finetuned_generate_10000_1/phage_annot:contig_0_6 (length 97)
prokka_out/fine_tuned/finetuned_generate_10000_1/phage_annot:contig_0_7 (length 320)
prokka_out/fine_tuned/finetuned_generate_10000_1/phage_annot:contig_0_8 (length 449)
prokka_out/fine_tuned/finetuned_generate_10000_1/phage_annot:contig_0_9 (length 91)
prokka_out/fine_tuned/finetuned_generate_10000_1/phage_annot:contig_0_10 (length 177)
prokka_out/fine_tuned/finetuned_generate_10000_1/phage_annot:contig_0_11 (length 67)
prokka_out/fine_tuned/finetuned_generate_10000_1/phage_annot:contig_0_12 (length 82)
prokka_out/fine_tuned/finetuned_generate_10000_1/phage_annot:contig_0_13 (length 79)
prokka_out/fine_tuned/finetuned_generate_10000_1/phage_annot:contig_0_14 (length 567)
prokka_out/fine_tuned/finetuned_generate_10000_1/phage_annot:contig_0_15 (length 110)

DiscRep_ALL:DISC_INCONSISTENT_MOLINFO_TECH::Molinfo Technique Report (some missing, all same)
DiscRep_SUB:DISC_INCONSISTENT_MOLINFO_TECH::technique (all missing)
DiscRep_SUB:DISC_INCONSISTENT_MOLINFO_TECH::1 Molinfos are missing field technique
prokka_out/fine_tuned/finetuned_generate_10000_1/phage_annot:contig_0 (length 10000)

